../Core/Src/main.c:108:6:HAL_TIM_IC_CaptureCallback	4
../Core/Src/main.c:139:6:ultrasonic_manager	15
../Core/Src/main.c:228:10:moving_average	1
../Core/Src/main.c:253:5:main	7
../Core/Src/main.c:354:6:SystemClock_Config	4
../Core/Src/main.c:415:13:MX_SPI1_Init	2
../Core/Src/main.c:454:13:MX_TIM1_Init	5
../Core/Src/main.c:510:13:MX_TIM6_Init	3
../Core/Src/main.c:548:13:MX_TIM16_Init	2
../Core/Src/main.c:580:13:MX_USART2_UART_Init	2
../Core/Src/main.c:613:13:MX_DMA_Init	1
../Core/Src/main.c:634:13:MX_GPIO_Init	1
../Core/Src/main.c:672:6:HAL_SPI_RxCpltCallback	15
../Core/Src/main.c:755:6:HAL_UART_RxCpltCallback	5
../Core/Src/main.c:792:6:HAL_UART_TxCpltCallback	1
../Core/Src/main.c:797:6:HAL_UART_ErrorCallback	2
../Core/Src/main.c:816:6:Error_Handler	1
